pybullet build time: Feb 22 2025 10:50:49
Global seed set to 0 (deterministic=True)
Traceback (most recent call last):
  File "C:\Users\bates\Desktop\Bipedal-imitation-rl\train_mlp.py", line 157, in <module>
    main()
  File "C:\Users\bates\Desktop\Bipedal-imitation-rl\train_mlp.py", line 146, in main
    model.learn(
  File "C:\Users\bates\anaconda3\envs\biped_env\lib\site-packages\stable_baselines3\ppo\ppo.py", line 311, in learn
    return super().learn(
  File "C:\Users\bates\anaconda3\envs\biped_env\lib\site-packages\stable_baselines3\common\on_policy_algorithm.py", line 323, in learn
    continue_training = self.collect_rollouts(self.env, callback, self.rollout_buffer, n_rollout_steps=self.n_steps)
  File "C:\Users\bates\anaconda3\envs\biped_env\lib\site-packages\stable_baselines3\common\on_policy_algorithm.py", line 202, in collect_rollouts
    actions, values, log_probs = self.policy(obs_tensor)
  File "C:\Users\bates\anaconda3\envs\biped_env\lib\site-packages\torch\nn\modules\module.py", line 1739, in _wrapped_call_impl
    return self._call_impl(*args, **kwargs)
  File "C:\Users\bates\anaconda3\envs\biped_env\lib\site-packages\torch\nn\modules\module.py", line 1750, in _call_impl
    return forward_call(*args, **kwargs)
  File "C:\Users\bates\anaconda3\envs\biped_env\lib\site-packages\stable_baselines3\common\policies.py", line 656, in forward
    log_prob = distribution.log_prob(actions)
  File "C:\Users\bates\anaconda3\envs\biped_env\lib\site-packages\stable_baselines3\common\distributions.py", line 175, in log_prob
    log_prob = self.distribution.log_prob(actions)
  File "C:\Users\bates\anaconda3\envs\biped_env\lib\site-packages\torch\distributions\normal.py", line 91, in log_prob
    - math.log(math.sqrt(2 * math.pi))
KeyboardInterrupt
